clb_arctic_a0001.wav
clb_arctic_a0002.wav
clb_arctic_a0003.wav
clb_arctic_a0004.wav
clb_arctic_a0005.wav
clb_arctic_a0006.wav
clb_arctic_a0007.wav
clb_arctic_a0008.wav
clb_arctic_a0009.wav
clb_arctic_a0010.wav
clb_arctic_a0011.wav
clb_arctic_a0012.wav
clb_arctic_a0013.wav
clb_arctic_a0014.wav
clb_arctic_a0015.wav
clb_arctic_a0016.wav
clb_arctic_a0017.wav
clb_arctic_a0018.wav
clb_arctic_a0019.wav
clb_arctic_a0020.wav
clb_arctic_a0021.wav
clb_arctic_a0022.wav
clb_arctic_a0023.wav
clb_arctic_a0024.wav
clb_arctic_a0025.wav
clb_arctic_a0026.wav
clb_arctic_a0027.wav
clb_arctic_a0028.wav
clb_arctic_a0029.wav
clb_arctic_a0030.wav
clb_arctic_a0031.wav
clb_arctic_a0032.wav
clb_arctic_a0033.wav
clb_arctic_a0034.wav
clb_arctic_a0035.wav
clb_arctic_a0036.wav
clb_arctic_a0037.wav
clb_arctic_a0038.wav
clb_arctic_a0039.wav
clb_arctic_a0040.wav
clb_arctic_a0041.wav
clb_arctic_a0042.wav
clb_arctic_a0043.wav
clb_arctic_a0044.wav
clb_arctic_a0045.wav
clb_arctic_a0046.wav
clb_arctic_a0047.wav
clb_arctic_a0048.wav
clb_arctic_a0049.wav
clb_arctic_a0050.wav
clb_arctic_a0051.wav
clb_arctic_a0052.wav
clb_arctic_a0053.wav
clb_arctic_a0054.wav
clb_arctic_a0055.wav
clb_arctic_a0056.wav
clb_arctic_a0057.wav
clb_arctic_a0058.wav
clb_arctic_a0059.wav
clb_arctic_a0060.wav
clb_arctic_a0061.wav
clb_arctic_a0062.wav
clb_arctic_a0063.wav
clb_arctic_a0064.wav
clb_arctic_a0065.wav
clb_arctic_a0066.wav
clb_arctic_a0067.wav
clb_arctic_a0068.wav
clb_arctic_a0069.wav
clb_arctic_a0070.wav
clb_arctic_a0071.wav
clb_arctic_a0072.wav
clb_arctic_a0073.wav
clb_arctic_a0074.wav
clb_arctic_a0075.wav
clb_arctic_a0076.wav
clb_arctic_a0077.wav
clb_arctic_a0078.wav
clb_arctic_a0079.wav
clb_arctic_a0080.wav
clb_arctic_a0081.wav
clb_arctic_a0082.wav
clb_arctic_a0083.wav
clb_arctic_a0084.wav
clb_arctic_a0085.wav
clb_arctic_a0086.wav
clb_arctic_a0087.wav
clb_arctic_a0088.wav
clb_arctic_a0089.wav
clb_arctic_a0090.wav
clb_arctic_a0091.wav
clb_arctic_a0092.wav
clb_arctic_a0093.wav
clb_arctic_a0094.wav
clb_arctic_a0095.wav
clb_arctic_a0096.wav
clb_arctic_a0097.wav
clb_arctic_a0098.wav
clb_arctic_a0099.wav
clb_arctic_a0100.wav
